87QChghgFr2X   n=4 transf=4 vente_dir=4 part_transf=0.9773 delai_med=23.5s coll=3
G6ERt5641ZUK   n=4 transf=4 vente_dir=1 part_transf=0.9994 delai_med=25.0s coll=4
6Fzphy2B4JTU   n=4 transf=0 vente_dir=4 part_transf=0.0 delai_med=Nones coll=0
FAwimgWuNJBM   n=4 transf=0 vente_dir=4 part_transf=0.0 delai_med=Nones coll=0
Em6ajM2xwou6   n=4 transf=4 vente_dir=1 part_transf=0.9996 delai_med=17.0s coll=4
DuiJLBQbnW7q   n=4 transf=4 vente_dir=0 part_transf=1.0 delai_med=14.0s coll=4
H2HmTSxj5mTm   n=4 transf=4 vente_dir=0 part_transf=1.0 delai_med=12.0s coll=4
5CCnqQy9cyze   n=4 transf=3 vente_dir=1 part_transf=0.4304 delai_med=31s coll=3
B1a7zhim82AG   n=4 transf=2 vente_dir=3 part_transf=0.7932 delai_med=24.0s coll=2
7V6C6GN1YbtY   n=4 transf=4 vente_dir=0 part_transf=1.0 delai_med=17.0s coll=4
7vJ2jdLwkjPS   n=4 transf=4 vente_dir=0 part_transf=1.0 delai_med=11.0s coll=4
AidtkezbfEF8   n=4 transf=4 vente_dir=0 part_transf=1.0 delai_med=43.5s coll=4
5AuHKxmuoXsx   n=4 transf=4 vente_dir=0 part_transf=1.0 delai_med=28.0s coll=4
ApANnyv1KP6u   n=4 transf=4 vente_dir=4 part_transf=0.9853 delai_med=24.5s coll=4
UNB8FtHiZ9N9   n=4 transf=4 vente_dir=0 part_transf=1.0 delai_med=15.5s coll=4
7EKtAJTruNL5   n=4 transf=4 vente_dir=0 part_transf=1.0 delai_med=16.0s coll=4
7adT6gecxwX5   n=4 transf=4 vente_dir=2 part_transf=0.9915 delai_med=16.0s coll=4
9hrV5rTGN7s2   n=4 transf=4 vente_dir=0 part_transf=1.0 delai_med=16.5s coll=4
GkgtsQCLdV4r   n=4 transf=4 vente_dir=0 part_transf=1.0 delai_med=15.0s coll=4
GUA59wrxfgzd   n=5 transf=5 vente_dir=1 part_transf=0.9955 delai_med=14s coll=5
HvM3WrbuWuEJ   n=5 transf=5 vente_dir=1 part_transf=0.9965 delai_med=10s coll=5
CmFiPswdJEEo   n=5 transf=5 vente_dir=1 part_transf=0.9991 delai_med=17s coll=5
BULBzU2i5k9h   n=4 transf=4 vente_dir=0 part_transf=1.0 delai_med=15.0s coll=4
AsCCY8efwiy8   n=5 transf=4 vente_dir=1 part_transf=0.9841 delai_med=46.0s coll=4
6qPhG9X1YUWH   n=5 transf=5 vente_dir=1 part_transf=0.998 delai_med=14s coll=5
3cH1aqzTqNuE   n=5 transf=4 vente_dir=1 part_transf=0.9849 delai_med=13.5s coll=4
hCVRw8Qq9e8Z   n=4 transf=4 vente_dir=0 part_transf=1.0 delai_med=22.0s coll=4
EmP6i382zAaU   n=4 transf=4 vente_dir=4 part_transf=0.9993 delai_med=24.0s coll=4
tT2Ss23K4WmE   n=4 transf=4 vente_dir=0 part_transf=1.0 delai_med=21.0s coll=4
9NKToDBF9tiY   n=4 transf=4 vente_dir=0 part_transf=1.0 delai_med=31.5s coll=4
48pZaxQf5dHv   n=4 transf=4 vente_dir=0 part_transf=1.0 delai_med=11.5s coll=4
FE9v2QJfNPmg   n=4 transf=4 vente_dir=2 part_transf=0.9998 delai_med=16.5s coll=4
8Xa1jqBhrxEF   n=4 transf=4 vente_dir=0 part_transf=1.0 delai_med=34.0s coll=4
ETGVz4jeuZbK   n=4 transf=4 vente_dir=0 part_transf=1.0 delai_med=24.0s coll=4
Czv6T6sF5SMT   n=4 transf=4 vente_dir=0 part_transf=1.0 delai_med=29.5s coll=4
CBvxtHtM9W4U   n=4 transf=4 vente_dir=0 part_transf=1.0 delai_med=24.0s coll=4
ALbvXciC8k4P   n=4 transf=4 vente_dir=0 part_transf=1.0 delai_med=13.0s coll=4
fCM1RmVwhkVd   n=5 transf=4 vente_dir=1 part_transf=0.9836 delai_med=14.0s coll=4
4faz9H9B5FJc   n=5 transf=4 vente_dir=1 part_transf=0.9807 delai_med=15.0s coll=4
HSAuwh7kJ9sS   n=5 transf=5 vente_dir=0 part_transf=1.0 delai_med=14s coll=5
HmqYG1uryHg3   n=4 transf=4 vente_dir=4 part_transf=0.9985 delai_med=17.0s coll=4
7vAgNEgE27vq   n=4 transf=4 vente_dir=4 part_transf=0.9972 delai_med=34.0s coll=4
  -> data/v07_exit.json
{
 "n_lancements": 42,
 "n_wallets_bloc": 177,
 "n_wallets_avec_transfert": 162,
 "n_wallets_avec_vente_directe": 46,
 "part_supply_transferee_med": 0.9999,
 "delai_transfert_s_med": 17.5,
 "n_delais": 162,
 "delai_transfert_s_q1q3": [
  13.0,
  26.2
 ],
 "delai_transfert_s_min_max": [
  0,
  80
 ],
 "n_collecteurs_distincts": 41
}
